[backblue.gif]
[fade.gif]
[index.html]
[maxcdn.bootstrapcdn.com/bootstrap/3.3.7/css/bootstrap.min.css]
[lab.thesoftking.com/lending/assets/front/js/jquery-1.12.4.min.js]
[lab.thesoftking.com/lending/assets/front/js/jquery.countdown.js]
[lab.thesoftking.com/lending/assets/images/logo/icon.png]
[lab.thesoftking.com/lending/assets/images/logo/logo.png]
[lab.thesoftking.com/lending/assets/images/slider/5a414e68e7d1d.jpg]
[lab.thesoftking.com/lending/assets/images/slider/5a414f3df0e46.jpg]
[lab.thesoftking.com/lending/assets/images/interface/about.jpg]
[lab.thesoftking.com/lending/assets/images/interface/story.jpg]
[lab.thesoftking.com/lending/assets/images/interface/testm.jpg]
[lab.thesoftking.com/lending/assets/images/testimonial/5a365f57293e1.png]
[lab.thesoftking.com/lending/assets/images/testimonial/5a365f71bd1da.png]
[lab.thesoftking.com/lending/assets/images/paymethod/5a366b1429fc8.png]
[lab.thesoftking.com/lending/assets/images/paymethod/5a366b1b5eedf.png]
[lab.thesoftking.com/lending/assets/images/paymethod/5a366b237a1cf.png]
[lab.thesoftking.com/lending/assets/front/js/bootstrap.min.js]
[lab.thesoftking.com/lending/assets/front/owlcarousel/owl.carousel.min.js]
[lab.thesoftking.com/lending/assets/front/js/wow.min.js]
[lab.thesoftking.com/lending/assets/front/js/waypoints.min.js]
[lab.thesoftking.com/lending/assets/front/js/jquery.counterup.min.js]
[lab.thesoftking.com/lending/assets/front/js/jquery-ui-slider.min.js]
[lab.thesoftking.com/lending/assets/front/js/jquery.arctext.js]
[lab.thesoftking.com/lending/assets/front/js/script.js]
[lab.thesoftking.com/lending/index.html]
[maxcdn.bootstrapcdn.com/bootstrap/3.3.7/css/bootstrap.min.css]
[lab.thesoftking.com/lending/assets/front/fonts/fontawesome-webfont3e6e.eot]
[lab.thesoftking.com/lending/assets/front/fonts/fontawesome-webfontd41d.eot]
[lab.thesoftking.com/lending/assets/front/fonts/fontawesome-webfont3e6e.woff2]
[lab.thesoftking.com/lending/assets/front/fonts/fontawesome-webfont3e6e.woff]
[lab.thesoftking.com/lending/assets/front/fonts/fontawesome-webfont3e6e.ttf]
[lab.thesoftking.com/lending/assets/front/css/font-awesome.min.css]
[lab.thesoftking.com/lending/assets/front/owlcarousel/assets/owl.video.play.png]
[lab.thesoftking.com/lending/assets/front/owlcarousel/assets/owl.carousel.min.css]
[lab.thesoftking.com/lending/assets/front/css/animate.css]
[lab.thesoftking.com/lending/assets/front/fonts/glyphicons-halflings-regular.eot]
[lab.thesoftking.com/lending/assets/front/fonts/glyphicons-halflings-regulard41d.eot]
[lab.thesoftking.com/lending/assets/front/fonts/glyphicons-halflings-regular.woff2]
[lab.thesoftking.com/lending/assets/front/fonts/glyphicons-halflings-regular.woff]
[lab.thesoftking.com/lending/assets/front/fonts/glyphicons-halflings-regular.ttf]
[lab.thesoftking.com/lending/assets/front/css/bootstrap.min.css]
[lab.thesoftking.com/lending/assets/front/css/style.css]
[lab.thesoftking.com/lending/assets/front/css/colord347.css]
[cdnjs.cloudflare.com/ajax/libs/sweetalert/1.1.3/sweetalert.min.css]
[lab.thesoftking.com/lending/assets/images/logo/bc.jpg]
[cdnjs.cloudflare.com/ajax/libs/sweetalert/1.1.3/sweetalert.min.js]
[lab.thesoftking.com/lending/login.html]
[lab.thesoftking.com/lending/register.html]
[lab.thesoftking.com/lending/assets/front/fonts/fontawesome-webfont3e6e.svg]
[lab.thesoftking.com/lending/assets/front/fonts/glyphicons-halflings-regular.svg]
[lab.thesoftking.com/lending/404.html]
[cdnjs.cloudflare.com/ajax/libs/sweetalert/1.1.3/sweetalert.min.css]
[lab.thesoftking.com/lending/password/reset.html]
